Added Component: Designator=R23(RES-STACK-POLE-0402)
Add component (AddParameter): Name = "Supplier 1"; Value = "Digi-Key"; VariantName = "[No Variations]"
Add component (AddParameter): Name = "Supplier Part Number 1"; Value = "RMCF0402FT100KCT-ND"; VariantName = "[No Variations]"
Added Component: Designator=R26(RES-STACK-POLE-0603)
Add component (AddParameter): Name = "Supplier 1"; Value = "Farnell"; VariantName = "[No Variations]"
Add component (AddParameter): Name = "Supplier Part Number 1"; Value = "RT0603DRD07150RL"; VariantName = "[No Variations]"
Added Component: Designator=R27(RES-STACK-POLE-0603)
Add component (AddParameter): Name = "Supplier 1"; Value = "DigiKey"; VariantName = "[No Variations]"
Add component (AddParameter): Name = "Supplier Part Number 1"; Value = "311-2417-1-ND"; VariantName = "[No Variations]"
Added Component: Designator=U9(YJC0003A_TEX)
Add component (AddParameter): Name = "Copyright"; Value = "Copyright (C) 2026 Ultra Librarian. All rights reserved."; VariantName = "[No Variations]"
Add component (AddParameter): Name = "Manufacturer_Name"; Value = "Texas Instruments"; VariantName = "[No Variations]"
Add component (AddParameter): Name = "Manufacturer_Part_Number"; Value = "CSD25481F4"; VariantName = "[No Variations]"
Add component (AddParameter): Name = "RefDes"; Value = "RefDes"; VariantName = "[No Variations]"
Add component (AddParameter): Name = "Type"; Value = "Type"; VariantName = "[No Variations]"
Added Pin To Net: NetName=3V3D Pin=R23-2
Added Pin To Net: NetName=ADPD_GPIO1 Pin=R26-2
Added Pin To Net: NetName=BLUE_O2 Pin=R27-1
Added Pin To Net: NetName=3V3D Pin=U9-2
Added Pin To Net: NetName=NetR23_1 Pin=R23-1
Added Pin To Net: NetName=NetR23_1 Pin=R26-1
Added Pin To Net: NetName=NetR23_1 Pin=U9-1
Added Net: Name=NetR23_1
Added Pin To Net: NetName=NetR27_2 Pin=R27-2
Added Pin To Net: NetName=NetR27_2 Pin=U9-3
Added Net: Name=NetR27_2
Add Differential Pair: Number of nets in differential pair USB_DN is 1 instead of 2
Added Member To Class: ClassName=U_05-multimodal-analogfrontend Member=Component R23 RMCF0402FT100K
Added Member To Class: ClassName=U_05-multimodal-analogfrontend Member=Component R26 RT0603DRD07150RL
Added Member To Class: ClassName=U_05-multimodal-analogfrontend Member=Component R27 RT0603DRE0712RL
Add Class Member: Failed to add class member : Component SH1 MS190-10C
Added Member To Class: ClassName=U_05-multimodal-analogfrontend Member=Component U9 CSD25481F4
