Removed Pin From Net: NetName=BAT+ Pin=C6-1
Removed Pin From Net: NetName=GND Pin=C6-2
Removed Pin From Net: NetName=BAT+ Pin=J4-2
Removed Member From Class: ClassName=U_01-multimodal-powersupply Member=C6
Change Component Designator: OldDesignator=1 NewDesignator=TP7
Change Component Designator: OldDesignator=1V8A NewDesignator=TP11
Change Component Designator: OldDesignator=1V8D NewDesignator=TP13
Change Component Designator: OldDesignator=2 NewDesignator=TP8
Change Component Designator: OldDesignator=3V3D NewDesignator=TP14
Change Component Designator: OldDesignator=3V3L NewDesignator=TP12
Change Component Designator: OldDesignator=GD_B2 NewDesignator=TP1
Change Component Designator: OldDesignator=GND NewDesignator=TP4
Change Component Designator: OldDesignator=GND NewDesignator=TP6
Change Component Designator: OldDesignator=GND NewDesignator=TP16
Change Component Designator: OldDesignator=GND NewDesignator=TP17
Change Component Designator: OldDesignator=ISET NewDesignator=TP9
Change Component Designator: OldDesignator=L3 NewDesignator=TP15
Change Component Designator: OldDesignator=SYS NewDesignator=TP5
Added Component: Designator=C?(CAPTDK0402)
Add component (AddParameter): Name = "Supplier 1"; Value = "Avnet"; VariantName = "[No Variations]"
Add component (AddParameter): Name = "Supplier Part Number 1"; Value = "CL05A225KO5NQNC"; VariantName = "[No Variations]"
Added Component: Designator=U?(SWITCH_102AGRLC)
Add component (AddParameter): Name = "Copyright"; Value = "Copyright (C) 2025 Ultra Librarian. All rights reserved."; VariantName = "[No Variations]"
Add component (AddParameter): Name = "Manufacturer_Name"; Value = "C&K Components"; VariantName = "[No Variations]"
Add component (AddParameter): Name = "Manufacturer_Part_Number"; Value = "AYZ0102AGRLC"; VariantName = "[No Variations]"
Add component (AddParameter): Name = "RefDes"; Value = "RefDes"; VariantName = "[No Variations]"
Add component (AddParameter): Name = "Type"; Value = "Type"; VariantName = "[No Variations]"
Added Pin To Net: NetName=BAT+ Pin=C?-1
Added Pin To Net: NetName=GND Pin=C?-2
Added Pin To Net: NetName=BAT+ Pin=U?-3
Added Pin To Net: NetName=NetJ4_2 Pin=J4-2
Added Pin To Net: NetName=NetJ4_2 Pin=U?-1
Added Net: Name=NetJ4_2
Add Differential Pair: Number of nets in differential pair USB_DN is 1 instead of 2
Added Member To Class: ClassName=U_01-multimodal-powersupply Member=Component C? CL05A225KO5NQNC
Add Class Member: Failed to add class member : Component SH1 MS190-10C
Added Member To Class: ClassName=U_01-multimodal-powersupply Member=Component TP4 TESTPOINT_S
Added Member To Class: ClassName=U_01-multimodal-powersupply Member=Component TP6 TESTPOINT_S
Added Member To Class: ClassName=U_01-multimodal-powersupply Member=Component TP16 TESTPOINT_S
Added Member To Class: ClassName=U_01-multimodal-powersupply Member=Component U? AYZ0102AGRLC
