Removed Pin From Net: NetName=3V3D Pin=SWD-1
Removed Pin From Net: NetName=RST_MCU Pin=SWD-3
Removed Pin From Net: NetName=GND Pin=SWD-5
Removed Member From Class: ClassName=U_13-multimodal-connections Member=SWD
Change Component Designator: OldDesignator=1 NewDesignator=TP7
Change Component Designator: OldDesignator=1V8D NewDesignator=TP13
Change Component Designator: OldDesignator=2 NewDesignator=TP8
Change Component Designator: OldDesignator=3V3D NewDesignator=TP14
Change Component Designator: OldDesignator=3V3L NewDesignator=TP12
Change Component Designator: OldDesignator=ADPD NewDesignator=U5
Change Component Designator: OldDesignator=FLASH NewDesignator=U3
Change Component Designator: OldDesignator=GD_BIAS NewDesignator=TP1
Change Component Designator: OldDesignator=GND NewDesignator=TP6
Change Component Designator: OldDesignator=ISET NewDesignator=TP9
Change Component Designator: OldDesignator=L3 NewDesignator=TP15
Change Component Designator: OldDesignator=SYS NewDesignator=TP5
Added Component: Designator=J1(SAMTEC_FTSH-105-01-F-DV-P-TR)
Add component (AddParameter): Name = "Check_prices"; Value = "https://www.snapeda.com/parts/FTSH-105-01-F-DV-K-TR/Samtec/view-part/?ref=eda"; VariantName = "[No Variations]"
Add component (AddParameter): Name = "MF"; Value = "Samtec Inc."; VariantName = "[No Variations]"
Add component (AddParameter): Name = "MP"; Value = "FTSH-105-01-F-DV-K-TR"; VariantName = "[No Variations]"
Add component (AddParameter): Name = "Package"; Value = "None"; VariantName = "[No Variations]"
Add component (AddParameter): Name = "SnapEDA_Link"; Value = "https://www.snapeda.com/parts/FTSH-105-01-F-DV-K-TR/Samtec/view-part/?ref=snap"; VariantName = "[No Variations]"
Add component (AddParameter): Name = "Value"; Value = ""; VariantName = "[No Variations]"
Added Pin To Net: NetName=3V3D Pin=J1-01
Added Pin To Net: NetName=GND Pin=J1-03
Added Pin To Net: NetName=GND Pin=J1-05
Added Pin To Net: NetName=GND Pin=J1-09
Added Pin To Net: NetName=RST_MCU Pin=J1-10
Added Pin To Net: NetName=NetJ1_02 Pin=J1-02
Added Pin To Net: NetName=NetJ1_02 Pin=U6-54
Added Net: Name=NetJ1_02
Added Pin To Net: NetName=NetJ1_04 Pin=J1-04
Added Pin To Net: NetName=NetJ1_04 Pin=U6-56
Added Net: Name=NetJ1_04
Added Pin To Net: NetName=NetJ1_06 Pin=J1-06
Added Pin To Net: NetName=NetJ1_06 Pin=U6-63
Added Net: Name=NetJ1_06
Add Differential Pair: Number of nets in differential pair USB_DN is 1 instead of 2
Added Member To Class: ClassName=U_13-multimodal-connections Member=Component J1 FTSH-105-01-F-DV-P-TR
Add Class Member: Failed to add class member : Component SH1 MS190-10C
Added Member To Class: ClassName=U_01-multimodal-powersupply Member=Component SW1 NANOT 240 AS
Added Member To Class: ClassName=U_05-multimodal-analogfrontend Member=Component TP1 TESTPOINT_S
Added Member To Class: ClassName=U_12-multimodal-accelerometer Member=Component TP8 TESTPOINT_S
Added Member To Class: ClassName=U_05-multimodal-analogfrontend Member=Component U5 ADPD7000BCBZR7
