Removed Pin From Net: NetName=1V8D Pin=R1-2
Removed Pin From Net: NetName=NetR24_1 Pin=U6-51
Change Component Designator: OldDesignator=ISET NewDesignator=TP9
Added Component: Designator=C18(CAPTDK0402)
Add component (AddParameter): Name = "Supplier 1"; Value = "Digi-Key"; VariantName = "[No Variations]"
Add component (AddParameter): Name = "Supplier Part Number 1"; Value = "445-9073-1-ND"; VariantName = "[No Variations]"
Added Component: Designator=R12(RES-STACK-POLE-0402)
Add component (AddParameter): Name = "Copyright"; Value = "Copyright (C) 2022 Ultra Librarian. All rights reserved."; VariantName = "[No Variations]"
Add component (AddParameter): Name = "Digi-Key_Part_Number_1"; Value = "RMCF0603FT80K6CT-ND"; VariantName = "[No Variations]"
Add component (AddParameter): Name = "Digi-Key_Part_Number_2"; Value = "RMCF0603FT80K6DKR-ND"; VariantName = "[No Variations]"
Add component (AddParameter): Name = "Digi-Key_Part_Number_3"; Value = "RMCF0603FT80K6TR-ND"; VariantName = "[No Variations]"
Add component (AddParameter): Name = "Manufacturer_Part_Number"; Value = "RMCF0603FT80K6"; VariantName = "[No Variations]"
Add component (AddParameter): Name = "Mfr_Name"; Value = "Stackpole International"; VariantName = "[No Variations]"
Add component (AddParameter): Name = "RefDes"; Value = "RefDes"; VariantName = "[No Variations]"
Add component (AddParameter): Name = "Supplier 1"; Value = "Digi-Key"; VariantName = "[No Variations]"
Add component (AddParameter): Name = "Supplier Part Number 1"; Value = "RMCF0402FT93K1CT-ND"; VariantName = "[No Variations]"
Add component (AddParameter): Name = "Type"; Value = "DEV"; VariantName = "[No Variations]"
Added Component: Designator=R13(RES-STACK-POLE-0402)
Add component (AddParameter): Name = "Supplier 1"; Value = "Digi-Key"; VariantName = "[No Variations]"
Add component (AddParameter): Name = "Supplier Part Number 1"; Value = "RMCF0402FT220KCT-ND"; VariantName = "[No Variations]"
Added Component: Designator=TP1(TESTPOINT_S)
Added Pin To Net: NetName=GD_BIAS Pin=C18-1
Added Pin To Net: NetName=GND Pin=C18-2
Added Pin To Net: NetName=1V8A Pin=R1-2
Added Pin To Net: NetName=GD_BIAS Pin=R12-1
Added Pin To Net: NetName=1V8A Pin=R12-2
Added Pin To Net: NetName=GND Pin=R13-1
Added Pin To Net: NetName=GD_BIAS Pin=R13-2
Added Pin To Net: NetName=GD_BIAS Pin=TP1-1
Added Pin To Net: NetName=NetR24_1 Pin=U6-46
Add Differential Pair: Number of nets in differential pair USB_DN is 1 instead of 2
Added Member To Class: ClassName=U_05-multimodal-analogfrontend Member=Component C18 C1005X5R1V105K050BC
Added Member To Class: ClassName=U_05-multimodal-analogfrontend Member=Component R12 RMCF0402FT93K1
Added Member To Class: ClassName=U_05-multimodal-analogfrontend Member=Component R13 RMCF0402FT220K
Add Class Member: Failed to add class member : Component SH1 MS190-10C
Added Member To Class: ClassName=U_05-multimodal-analogfrontend Member=Component TP1 TESTPOINT_S
